  Файл: /home/user/
  Размер: 4096      	Блоков: 8          Блок В/В: 4096   каталог
Устройство: 8/4	Инода: 1962920     Ссылки: 13
Доступ: (0700/drwx------)  Uid: ( 1000/    user)   Gid: ( 1000/    user)
Контекст: unconfined_u:object_r:user_home_dir_t:s0
Доступ:        2026-10-03 22:45:03.590380357 +0300
Модифицирован: 2026-10-03 23:25:47.655516725 +0300
Изменён:       2026-10-03 23:25:47.655516725 +0300
Создан:        2026-10-03 21:11:03.427563463 +0300
  Файл: /home/user/mycat
  Размер: 36568     	Блоков: 72         Блок В/В: 4096   обычный файл
Устройство: 8/4	Инода: 1964903     Ссылки: 1
Доступ: (4755/-rwsr-xr-x)  Uid: (    0/    root)   Gid: ( 1000/    user)
Контекст: unconfined_u:object_r:user_home_t:s0
Доступ:        2026-10-03 22:53:37.863624107 +0300
Модифицирован: 2026-10-03 22:49:58.651292098 +0300
Изменён:       2026-10-03 22:52:54.720960501 +0300
Создан:        2026-10-03 22:49:58.647292127 +0300
  Файл: /home/user/mycat_cap
  Размер: 36568     	Блоков: 80         Блок В/В: 4096   обычный файл
Устройство: 8/4	Инода: 1964954     Ссылки: 1
Доступ: (0755/-rwxr-xr-x)  Uid: ( 1000/    user)   Gid: ( 1000/    user)
Контекст: unconfined_u:object_r:user_home_t:s0
Доступ:        2026-10-03 23:01:07.465056542 +0300
Модифицирован: 2026-10-03 22:58:09.938502573 +0300
Изменён:       2026-10-03 22:59:58.477638377 +0300
Создан:        2026-10-03 22:58:09.938502573 +0300
